// Jest Snapshot v1, https://goo.gl/fbAQLP

exports[`Pruebas al componente <AddCategory/> renderizado del componente 1`] = `
<Fragment>
  <form
    onSubmit={[Function]}
  >
    <input
      onChange={[Function]}
      type="text"
      value=""
    />
  </form>
</Fragment>
`;
